=== RUN   TestThroughputStress
2025/08/18 09:58:25 INFO  Starting DevServer ExePath /var/folders/4w/5qdjw8sd6417nldg5pvhs_rr0000gn/T/temporal-cli-go-sdk-1.35.0 Args [server start-dev --ip 127.0.0.1 --port 62352 --namespace default --dynamic-config-value frontend.enableServerVersionCheck=false --log-level error --headless]
2025/08/18 09:58:25 INFO  DevServer ready
2025/08/18 09:58:25 INFO  No logger configured for temporal client. Created default one.
    logger.go:146: 2025-08-18T09:58:25.695-0700	INFO	go-builder	Building go program at /Users/stephan/Workspace/default/omes/workers/go/omes-temp-1755536305
CLI 1.4.1 (Server 1.28.0, UI 2.39.0)

Server:  localhost:62352
Metrics: http://localhost:62354/metrics
    logger.go:146: 2025-08-18T09:58:26.688-0700	INFO	executor	Initialising Search Attribute "ThroughputStressScenarioId"
    logger.go:146: 2025-08-18T09:58:26.689-0700	INFO	go-worker	Starting worker with command: [./program --task-queue throughput_stress_test:test-1755536305 --server-address 127.0.0.1:62352 --namespace default]
    logger.go:146: 2025-08-18T09:58:26.694-0700	INFO	executor	Search Attribute "ThroughputStressScenarioId" added
    logger.go:146: 2025-08-18T09:58:26.714-0700	DEBUG	executor	Will run 2 iterations
    logger.go:146: 2025-08-18T09:58:26.715-0700	DEBUG	executor	Running iteration 0
    logger.go:146: 2025-08-18T09:58:26.715-0700	DEBUG	executor	Running iteration 1
    logger.go:146: 2025-08-18T09:58:26.715-0700	INFO	executor	Run cooldown: stopped starting new iterations; waiting for running ones to complete
    logger.go:146: 2025-08-18T09:58:26.718-0700	DEBUG	executor	Executing kitchen sink workflow with options: &{workflow_input:{initial_actions:{actions:{upsert_search_attributes:{search_attributes:{key:"ThroughputStressScenarioId" value:{metadata:{key:"encoding" value:"json/plain"} data:"\"test-1755536305\""}}}} actions:{exec_activity:{payload:{bytes_to_receive:256 bytes_to_return:256} start_to_close_timeout:{seconds:60} retry_policy:{backoff_coefficient:1 maximum_attempts:10} remote:{}}} actions:{exec_activity:{payload:{bytes_to_return:256} start_to_close_timeout:{seconds:60} retry_policy:{initial_interval:{nanos:10000000} maximum_attempts:10} is_local:{}}} actions:{exec_activity:{payload:{bytes_to_return:256} start_to_close_timeout:{seconds:60} retry_policy:{initial_interval:{nanos:10000000} maximum_attempts:10} is_local:{}}} actions:{nested_action_set:{actions:{exec_child_workflow:{input:{metadata:{key:"encoding" value:"json/protobuf"} metadata:{key:"messageType" value:"temporal.omes.kitchen_sink.WorkflowInput"} data:"{\"initialActions\":[{\"actions\":[{\"upsertSearchAttributes\":{\"searchAttributes\":{\"ThroughputStressScenarioId\":{\"metadata\":{\"encoding\":\"anNvbi9wbGFpbg==\"},\"data\":\"InRlc3QtMTc1NTUzNjMwNSI=\"}}}},{\"upsertSearchAttributes\":{\"searchAttributes\":{\"ThroughputStressScenarioId\":{\"metadata\":{\"encoding\":\"anNvbi9wbGFpbg==\"},\"data\":\"InRlc3QtMTc1NTUzNjMwNSI=\"}}}},{\"execActivity\":{\"payload\":{\"bytesToReceive\":256,\"bytesToReturn\":256},\"startToCloseTimeout\":\"60s\",\"retryPolicy\":{\"backoffCoefficient\":1,\"maximumAttempts\":10},\"remote\":{}}},{\"execActivity\":{\"payload\":{\"bytesToReceive\":256,\"bytesToReturn\":256},\"startToCloseTimeout\":\"60s\",\"retryPolicy\":{\"backoffCoefficient\":1,\"maximumAttempts\":10},\"remote\":{}}},{\"execActivity\":{\"payload\":{\"bytesToReceive\":256,\"bytesToReturn\":256},\"startToCloseTimeout\":\"60s\",\"retryPolicy\":{\"backoffCoefficient\":1,\"maximumAttempts\":10},\"remote\":{}}},{\"returnResult\":{\"returnThis\":{}}}]}]}"} search_attributes:{key:"ThroughputStressScenarioId" value:{metadata:{key:"encoding" value:"json/plain"} data:"\"test-1755536305\""}}}} actions:{exec_activity:{payload:{bytes_to_receive:256 bytes_to_return:256} start_to_close_timeout:{seconds:60} retry_policy:{backoff_coefficient:1 maximum_attempts:10} remote:{}}} actions:{exec_activity:{payload:{bytes_to_receive:256 bytes_to_return:256} start_to_close_timeout:{seconds:60} retry_policy:{backoff_coefficient:1 maximum_attempts:10} remote:{}}} actions:{exec_activity:{payload:{bytes_to_return:256} start_to_close_timeout:{seconds:60} retry_policy:{initial_interval:{nanos:10000000} maximum_attempts:10} is_local:{}}} actions:{exec_activity:{payload:{bytes_to_return:256} start_to_close_timeout:{seconds:60} retry_policy:{initial_interval:{nanos:10000000} maximum_attempts:10} is_local:{}}} actions:{exec_activity:{generic:{type:"noop"} start_to_close_timeout:{seconds:60} retry_policy:{initial_interval:{nanos:10000000} maximum_attempts:10} is_local:{}}} concurrent:true}} actions:{exec_activity:{payload:{bytes_to_receive:256 bytes_to_return:256} start_to_close_timeout:{seconds:60} retry_policy:{backoff_coefficient:1 maximum_attempts:10} remote:{}}} actions:{exec_activity:{payload:{bytes_to_return:256} start_to_close_timeout:{seconds:60} retry_policy:{initial_interval:{nanos:10000000} maximum_attempts:10} is_local:{}}} actions:{exec_activity:{payload:{bytes_to_return:256} start_to_close_timeout:{seconds:60} retry_policy:{initial_interval:{nanos:10000000} maximum_attempts:10} is_local:{}}} actions:{nested_action_set:{actions:{exec_child_workflow:{input:{metadata:{key:"encoding" value:"json/protobuf"} metadata:{key:"messageType" value:"temporal.omes.kitchen_sink.WorkflowInput"} data:"{\"initialActions\":[{\"actions\":[{\"upsertSearchAttributes\":{\"searchAttributes\":{\"ThroughputStressScenarioId\":{\"metadata\":{\"encoding\":\"anNvbi9wbGFpbg==\"},\"data\":\"InRlc3QtMTc1NTUzNjMwNSI=\"}}}},{\"upsertSearchAttributes\":{\"searchAttributes\":{\"ThroughputStressScenarioId\":{\"metadata\":{\"encoding\":\"anNvbi9wbGFpbg==\"},\"data\":\"InRlc3QtMTc1NTUzNjMwNSI=\"}}}},{\"execActivity\":{\"payload\":{\"bytesToReceive\":256,\"bytesToReturn\":256},\"startToCloseTimeout\":\"60s\",\"retryPolicy\":{\"backoffCoefficient\":1,\"maximumAttempts\":10},\"remote\":{}}},{\"execActivity\":{\"payload\":{\"bytesToReceive\":256,\"bytesToReturn\":256},\"startToCloseTimeout\":\"60s\",\"retryPolicy\":{\"backoffCoefficient\":1,\"maximumAttempts\":10},\"remote\":{}}},{\"execActivity\":{\"payload\":{\"bytesToReceive\":256,\"bytesToReturn\":256},\"startToCloseTimeout\":\"60s\",\"retryPolicy\":{\"backoffCoefficient\":1,\"maximumAttempts\":10},\"remote\":{}}},{\"returnResult\":{\"returnThis\":{}}}]}]}"} search_attributes:{key:"ThroughputStressScenarioId" value:{metadata:{key:"encoding" value:"json/plain"} data:"\"test-1755536305\""}}}} actions:{exec_activity:{payload:{bytes_to_receive:256 bytes_to_return:256} start_to_close_timeout:{seconds:60} retry_policy:{backoff_coefficient:1 maximum_attempts:10} remote:{}}} actions:{exec_activity:{payload:{bytes_to_receive:256 bytes_to_return:256} start_to_close_timeout:{seconds:60} retry_policy:{backoff_coefficient:1 maximum_attempts:10} remote:{}}} actions:{exec_activity:{payload:{bytes_to_return:256} start_to_close_timeout:{seconds:60} retry_policy:{initial_interval:{nanos:10000000} maximum_attempts:10} is_local:{}}} actions:{exec_activity:{payload:{bytes_to_return:256} start_to_close_timeout:{seconds:60} retry_policy:{initial_interval:{nanos:10000000} maximum_attempts:10} is_local:{}}} actions:{exec_activity:{generic:{type:"noop"} start_to_close_timeout:{seconds:60} retry_policy:{initial_interval:{nanos:10000000} maximum_attempts:10} is_local:{}}} concurrent:true}} actions:{upsert_search_attributes:{search_attributes:{key:"ThroughputStressScenarioId" value:{metadata:{key:"encoding" value:"json/plain"} data:"\"test-1755536305\""}}}} actions:{return_result:{return_this:{}}}}} client_sequence:{action_sets:{actions:{do_query:{report_state:{}}} actions:{do_signal:{do_signal_actions:{do_actions:{actions:{timer:{milliseconds:1}}}}}} actions:{do_update:{custom:{name:"do_actions_update" args:{metadata:{key:"encoding" value:"json/protobuf"} metadata:{key:"messageType" value:"temporal.omes.kitchen_sink.DoActionsUpdate"} data:"{\"doActions\":{\"actions\":[{\"timer\":{\"milliseconds\":\"1000\"}}]}}"}}}} actions:{do_update:{custom:{name:"do_actions_update" args:{metadata:{key:"encoding" value:"json/protobuf"} metadata:{key:"messageType" value:"temporal.omes.kitchen_sink.DoActionsUpdate"} data:"{\"doActions\":{\"actions\":[{\"execActivity\":{\"payload\":{\"bytesToReturn\":256},\"startToCloseTimeout\":\"60s\",\"retryPolicy\":{\"backoffCoefficient\":1,\"maximumAttempts\":10},\"remote\":{}}}]}}"}}}} actions:{do_update:{custom:{name:"do_actions_update" args:{metadata:{key:"encoding" value:"json/protobuf"} metadata:{key:"messageType" value:"temporal.omes.kitchen_sink.DoActionsUpdate"} data:"{\"doActions\":{\"actions\":[{\"execActivity\":{\"payload\":{\"bytesToReturn\":256},\"startToCloseTimeout\":\"60s\",\"retryPolicy\":{\"initialInterval\":\"0.010s\",\"maximumAttempts\":10},\"isLocal\":{}}}]}}"}}}} concurrent:true}} {w-test-1755536305-2 throughput_stress_test:test-1755536305 0s 0s 0s Unspecified Unspecified true <nil>  map[] map[] {map[]} false 0s   <nil> {0} <nil>  [] [] <nil>}}	{"iteration": 2}
    logger.go:146: 2025-08-18T09:58:26.720-0700	DEBUG	executor	Executing kitchen sink workflow with options: &{workflow_input:{initial_actions:{actions:{upsert_search_attributes:{search_attributes:{key:"ThroughputStressScenarioId" value:{metadata:{key:"encoding" value:"json/plain"} data:"\"test-1755536305\""}}}} actions:{exec_activity:{payload:{bytes_to_receive:256 bytes_to_return:256} start_to_close_timeout:{seconds:60} retry_policy:{backoff_coefficient:1 maximum_attempts:10} remote:{}}} actions:{exec_activity:{payload:{bytes_to_return:256} start_to_close_timeout:{seconds:60} retry_policy:{initial_interval:{nanos:10000000} maximum_attempts:10} is_local:{}}} actions:{exec_activity:{payload:{bytes_to_return:256} start_to_close_timeout:{seconds:60} retry_policy:{initial_interval:{nanos:10000000} maximum_attempts:10} is_local:{}}} actions:{nested_action_set:{actions:{exec_child_workflow:{input:{metadata:{key:"encoding" value:"json/protobuf"} metadata:{key:"messageType" value:"temporal.omes.kitchen_sink.WorkflowInput"} data:"{\"initialActions\":[{\"actions\":[{\"upsertSearchAttributes\":{\"searchAttributes\":{\"ThroughputStressScenarioId\":{\"metadata\":{\"encoding\":\"anNvbi9wbGFpbg==\"},\"data\":\"InRlc3QtMTc1NTUzNjMwNSI=\"}}}},{\"upsertSearchAttributes\":{\"searchAttributes\":{\"ThroughputStressScenarioId\":{\"metadata\":{\"encoding\":\"anNvbi9wbGFpbg==\"},\"data\":\"InRlc3QtMTc1NTUzNjMwNSI=\"}}}},{\"execActivity\":{\"payload\":{\"bytesToReceive\":256,\"bytesToReturn\":256},\"startToCloseTimeout\":\"60s\",\"retryPolicy\":{\"backoffCoefficient\":1,\"maximumAttempts\":10},\"remote\":{}}},{\"execActivity\":{\"payload\":{\"bytesToReceive\":256,\"bytesToReturn\":256},\"startToCloseTimeout\":\"60s\",\"retryPolicy\":{\"backoffCoefficient\":1,\"maximumAttempts\":10},\"remote\":{}}},{\"execActivity\":{\"payload\":{\"bytesToReceive\":256,\"bytesToReturn\":256},\"startToCloseTimeout\":\"60s\",\"retryPolicy\":{\"backoffCoefficient\":1,\"maximumAttempts\":10},\"remote\":{}}},{\"returnResult\":{\"returnThis\":{}}}]}]}"} search_attributes:{key:"ThroughputStressScenarioId" value:{metadata:{key:"encoding" value:"json/plain"} data:"\"test-1755536305\""}}}} actions:{exec_activity:{payload:{bytes_to_receive:256 bytes_to_return:256} start_to_close_timeout:{seconds:60} retry_policy:{backoff_coefficient:1 maximum_attempts:10} remote:{}}} actions:{exec_activity:{payload:{bytes_to_receive:256 bytes_to_return:256} start_to_close_timeout:{seconds:60} retry_policy:{backoff_coefficient:1 maximum_attempts:10} remote:{}}} actions:{exec_activity:{payload:{bytes_to_return:256} start_to_close_timeout:{seconds:60} retry_policy:{initial_interval:{nanos:10000000} maximum_attempts:10} is_local:{}}} actions:{exec_activity:{payload:{bytes_to_return:256} start_to_close_timeout:{seconds:60} retry_policy:{initial_interval:{nanos:10000000} maximum_attempts:10} is_local:{}}} actions:{exec_activity:{generic:{type:"noop"} start_to_close_timeout:{seconds:60} retry_policy:{initial_interval:{nanos:10000000} maximum_attempts:10} is_local:{}}} concurrent:true}} actions:{exec_activity:{payload:{bytes_to_receive:256 bytes_to_return:256} start_to_close_timeout:{seconds:60} retry_policy:{backoff_coefficient:1 maximum_attempts:10} remote:{}}} actions:{exec_activity:{payload:{bytes_to_return:256} start_to_close_timeout:{seconds:60} retry_policy:{initial_interval:{nanos:10000000} maximum_attempts:10} is_local:{}}} actions:{exec_activity:{payload:{bytes_to_return:256} start_to_close_timeout:{seconds:60} retry_policy:{initial_interval:{nanos:10000000} maximum_attempts:10} is_local:{}}} actions:{nested_action_set:{actions:{exec_child_workflow:{input:{metadata:{key:"encoding" value:"json/protobuf"} metadata:{key:"messageType" value:"temporal.omes.kitchen_sink.WorkflowInput"} data:"{\"initialActions\":[{\"actions\":[{\"upsertSearchAttributes\":{\"searchAttributes\":{\"ThroughputStressScenarioId\":{\"metadata\":{\"encoding\":\"anNvbi9wbGFpbg==\"},\"data\":\"InRlc3QtMTc1NTUzNjMwNSI=\"}}}},{\"upsertSearchAttributes\":{\"searchAttributes\":{\"ThroughputStressScenarioId\":{\"metadata\":{\"encoding\":\"anNvbi9wbGFpbg==\"},\"data\":\"InRlc3QtMTc1NTUzNjMwNSI=\"}}}},{\"execActivity\":{\"payload\":{\"bytesToReceive\":256,\"bytesToReturn\":256},\"startToCloseTimeout\":\"60s\",\"retryPolicy\":{\"backoffCoefficient\":1,\"maximumAttempts\":10},\"remote\":{}}},{\"execActivity\":{\"payload\":{\"bytesToReceive\":256,\"bytesToReturn\":256},\"startToCloseTimeout\":\"60s\",\"retryPolicy\":{\"backoffCoefficient\":1,\"maximumAttempts\":10},\"remote\":{}}},{\"execActivity\":{\"payload\":{\"bytesToReceive\":256,\"bytesToReturn\":256},\"startToCloseTimeout\":\"60s\",\"retryPolicy\":{\"backoffCoefficient\":1,\"maximumAttempts\":10},\"remote\":{}}},{\"returnResult\":{\"returnThis\":{}}}]}]}"} search_attributes:{key:"ThroughputStressScenarioId" value:{metadata:{key:"encoding" value:"json/plain"} data:"\"test-1755536305\""}}}} actions:{exec_activity:{payload:{bytes_to_receive:256 bytes_to_return:256} start_to_close_timeout:{seconds:60} retry_policy:{backoff_coefficient:1 maximum_attempts:10} remote:{}}} actions:{exec_activity:{payload:{bytes_to_receive:256 bytes_to_return:256} start_to_close_timeout:{seconds:60} retry_policy:{backoff_coefficient:1 maximum_attempts:10} remote:{}}} actions:{exec_activity:{payload:{bytes_to_return:256} start_to_close_timeout:{seconds:60} retry_policy:{initial_interval:{nanos:10000000} maximum_attempts:10} is_local:{}}} actions:{exec_activity:{payload:{bytes_to_return:256} start_to_close_timeout:{seconds:60} retry_policy:{initial_interval:{nanos:10000000} maximum_attempts:10} is_local:{}}} actions:{exec_activity:{generic:{type:"noop"} start_to_close_timeout:{seconds:60} retry_policy:{initial_interval:{nanos:10000000} maximum_attempts:10} is_local:{}}} concurrent:true}} actions:{upsert_search_attributes:{search_attributes:{key:"ThroughputStressScenarioId" value:{metadata:{key:"encoding" value:"json/plain"} data:"\"test-1755536305\""}}}} actions:{return_result:{return_this:{}}}}} client_sequence:{action_sets:{actions:{do_query:{report_state:{}}} actions:{do_signal:{do_signal_actions:{do_actions:{actions:{timer:{milliseconds:1}}}}}} actions:{do_update:{custom:{name:"do_actions_update" args:{metadata:{key:"encoding" value:"json/protobuf"} metadata:{key:"messageType" value:"temporal.omes.kitchen_sink.DoActionsUpdate"} data:"{\"doActions\":{\"actions\":[{\"timer\":{\"milliseconds\":\"1000\"}}]}}"}}}} actions:{do_update:{custom:{name:"do_actions_update" args:{metadata:{key:"encoding" value:"json/protobuf"} metadata:{key:"messageType" value:"temporal.omes.kitchen_sink.DoActionsUpdate"} data:"{\"doActions\":{\"actions\":[{\"execActivity\":{\"payload\":{\"bytesToReturn\":256},\"startToCloseTimeout\":\"60s\",\"retryPolicy\":{\"backoffCoefficient\":1,\"maximumAttempts\":10},\"remote\":{}}}]}}"}}}} actions:{do_update:{custom:{name:"do_actions_update" args:{metadata:{key:"encoding" value:"json/protobuf"} metadata:{key:"messageType" value:"temporal.omes.kitchen_sink.DoActionsUpdate"} data:"{\"doActions\":{\"actions\":[{\"execActivity\":{\"payload\":{\"bytesToReturn\":256},\"startToCloseTimeout\":\"60s\",\"retryPolicy\":{\"initialInterval\":\"0.010s\",\"maximumAttempts\":10},\"isLocal\":{}}}]}}"}}}} concurrent:true}} {w-test-1755536305-1 throughput_stress_test:test-1755536305 0s 0s 0s Unspecified Unspecified true <nil>  map[] map[] {map[]} false 0s   <nil> {0} <nil>  [] [] <nil>}}	{"iteration": 1}
2025-08-18T09:58:27.322-0700	INFO	cmdoptions/client.go:125	Client connected to 127.0.0.1:62352, namespace: default
2025-08-18T09:58:27.377-0700	INFO	internal/internal_worker.go:1293	Started Worker	{"Namespace": "default", "TaskQueue": "throughput_stress_test:test-1755536305", "WorkerID": "55533@Stephans-MBP.gv.shawcable.net@"}
    logger.go:146: 2025-08-18T09:58:27.385-0700	ERROR	executor	Client actions failed: {[] {} 0x140006cda10}	{"iteration": 1}
    logger.go:146: 2025-08-18T09:58:27.385-0700	ERROR	executor	Client actions failed: {[] {} 0x140008000b0}	{"iteration": 2}
    logger.go:146: 2025-08-18T09:58:27.385-0700	ERROR	executor	iteration 1 failed: failed to execute kitchen sink workflow: context canceled
    logger.go:146: 2025-08-18T09:58:27.385-0700	ERROR	executor	iteration 2 failed: failed to execute kitchen sink workflow: context canceled
    helper_testenv.go:151: Worker shutdown timed out, continuing...
    helper_testenv.go:154: 
        	Error Trace:	/Users/stephan/Workspace/default/omes/loadgen/helper_testenv.go:154
        	            				/Users/stephan/Workspace/default/omes/scenarios/throughput_stress_test.go:31
        	Error:      	Received unexpected error:
        	            	run finished with error after 670.667292ms: iteration 1 failed: failed to execute kitchen sink workflow: context canceled
        	Test:       	TestThroughputStress
        	Messages:   	Executor should complete successfully
    logger.go:146: 2025-08-18T09:58:32.386-0700	INFO	go-worker	Sending interrupt to worker, PID: 55533
2025-08-18T09:58:32.387-0700	INFO	internal/internal_worker.go:1360	Worker has been stopped.	{"Namespace": "default", "TaskQueue": "throughput_stress_test:test-1755536305", "WorkerID": "55533@Stephans-MBP.gv.shawcable.net@", "Signal": "interrupt"}
Stopping server...
2025-08-18T09:58:32.388-0700	INFO	internal/internal_worker.go:1397	Stopped Worker	{"Namespace": "default", "TaskQueue": "throughput_stress_test:test-1755536305", "WorkerID": "55533@Stephans-MBP.gv.shawcable.net@"}
    logger.go:146: 2025-08-18T09:58:32.389-0700	INFO	go-worker	Worker exited after interrupt: <nil>
--- FAIL: TestThroughputStress (7.82s)
FAIL
FAIL	github.com/temporalio/omes/scenarios	8.159s
FAIL
